Archive member included to satisfy reference by file (symbol)

/home/tjw/rt_hw/examples/cookinggame/pr1/../../..//libpok/libpok.a(arch.lo)
                              main.o (pok_do_syscall)
/home/tjw/rt_hw/examples/cookinggame/pr1/../../..//libpok/libpok.a(core.lo)
                              main.o (pok_sem_create)
/home/tjw/rt_hw/examples/cookinggame/pr1/../../..//libpok/libpok.a(libc.lo)
                              main.o (printf)

Merging program properties


Allocating common symbols
Common symbol       size              file

pok_allocator_memspace
                    0x8000            /home/tjw/rt_hw/examples/cookinggame/pr1/../../..//libpok/libpok.a(core.lo)
sid2                0x2               main.o
errno               0x4               /home/tjw/rt_hw/examples/cookinggame/pr1/../../..//libpok/libpok.a(core.lo)
pok_allocator_spaces
                    0x4b0             /home/tjw/rt_hw/examples/cookinggame/pr1/../../..//libpok/libpok.a(core.lo)
sid1                0x2               main.o

Discarded input sections

 .group         0x0000000000000000        0x8 main.o
 .group         0x0000000000000000        0x8 activity.o
 .text.__x86.get_pc_thunk.bx
                0x0000000000000000        0x4 activity.o
 .note.gnu.property
                0x0000000000000000       0x1c activity.o
 .note.gnu.property
                0x0000000000000000       0x1c /home/tjw/rt_hw/examples/cookinggame/pr1/../../..//libpok/libpok.a(arch.lo)
 .group         0x0000000000000000        0x8 /home/tjw/rt_hw/examples/cookinggame/pr1/../../..//libpok/libpok.a(core.lo)
 .group         0x0000000000000000        0x8 /home/tjw/rt_hw/examples/cookinggame/pr1/../../..//libpok/libpok.a(core.lo)
 .group         0x0000000000000000        0x8 /home/tjw/rt_hw/examples/cookinggame/pr1/../../..//libpok/libpok.a(core.lo)
 .note.gnu.property
                0x0000000000000000       0x1c /home/tjw/rt_hw/examples/cookinggame/pr1/../../..//libpok/libpok.a(core.lo)
 .text.__x86.get_pc_thunk.bx
                0x0000000000000000        0x4 /home/tjw/rt_hw/examples/cookinggame/pr1/../../..//libpok/libpok.a(core.lo)
 .group         0x0000000000000000        0x8 /home/tjw/rt_hw/examples/cookinggame/pr1/../../..//libpok/libpok.a(libc.lo)
 .group         0x0000000000000000        0x8 /home/tjw/rt_hw/examples/cookinggame/pr1/../../..//libpok/libpok.a(libc.lo)
 .group         0x0000000000000000        0x8 /home/tjw/rt_hw/examples/cookinggame/pr1/../../..//libpok/libpok.a(libc.lo)
 .group         0x0000000000000000        0x8 /home/tjw/rt_hw/examples/cookinggame/pr1/../../..//libpok/libpok.a(libc.lo)
 .note.gnu.property
                0x0000000000000000       0x1c /home/tjw/rt_hw/examples/cookinggame/pr1/../../..//libpok/libpok.a(libc.lo)
 .text.__x86.get_pc_thunk.bx
                0x0000000000000000        0x4 /home/tjw/rt_hw/examples/cookinggame/pr1/../../..//libpok/libpok.a(libc.lo)
 .text.__x86.get_pc_thunk.bp
                0x0000000000000000        0x4 /home/tjw/rt_hw/examples/cookinggame/pr1/../../..//libpok/libpok.a(libc.lo)

Memory Configuration

Name             Origin             Length             Attributes
*default*        0x0000000000000000 0xffffffffffffffff

Linker script and memory map

                0x0000000000000000                . = 0x0
                0x0000000000000000                __partition_begin = .

.text           0x0000000000000000     0x16a5
 *(.text)
 .text          0x0000000000000000      0x2b2 main.o
                0x0000000000000000                main
 .text          0x00000000000002b2       0xa5 activity.o
                0x00000000000002b2                bread
                0x00000000000002dd                fired_chicken
                0x0000000000000308                hamburger
                0x000000000000034b                soup
                0x0000000000000351                noodle
 .text          0x0000000000000357       0x1c /home/tjw/rt_hw/examples/cookinggame/pr1/../../..//libpok/libpok.a(arch.lo)
                0x0000000000000357                pok_arch_idle
                0x000000000000035e                pok_do_syscall
 .text          0x0000000000000373      0x987 /home/tjw/rt_hw/examples/cookinggame/pr1/../../..//libpok/libpok.a(core.lo)
                0x0000000000000373                pok_allocator_print_spaces
                0x00000000000003e3                pok_allocator_allocate
                0x00000000000005c6                pok_allocator_delete_space
                0x000000000000062a                pok_allocator_merge_space
                0x0000000000000713                pok_allocator_free
                0x000000000000080c                pok_time_gettick
                0x0000000000000860                pok_time_get
                0x0000000000000874                __pok_partition_start
                0x0000000000000896                pok_sem_create
                0x000000000000091b                pok_sem_signal
                0x0000000000000986                pok_sem_status
                0x0000000000000990                pok_sem_wait
                0x0000000000000a0b                pok_thread_create
                0x0000000000000a5f                pok_thread_attr_init
                0x0000000000000aae                pok_thread_period
                0x0000000000000b02                pok_thread_sleep
                0x0000000000000b56                pok_thread_status
                0x0000000000000baa                pok_thread_yield
                0x0000000000000bfe                pok_thread_delayed_start
                0x0000000000000c52                pok_thread_set_priority
                0x0000000000000ca6                pok_thread_resume
 .text          0x0000000000000cfa      0x9ab /home/tjw/rt_hw/examples/cookinggame/pr1/../../..//libpok/libpok.a(libc.lo)
                0x0000000000001015                vprintf
                0x000000000000117b                printf
                0x0000000000001197                itoa
                0x000000000000125c                atoi
                0x00000000000012a3                memcpy
                0x00000000000012d3                memset
                0x00000000000012fb                memcmp
                0x0000000000001344                strcmp
                0x000000000000138a                strncmp
                0x00000000000013e9                strcpy
                0x000000000000141f                strncpy
                0x0000000000001453                streq
                0x00000000000014eb                strlen
                0x000000000000150d                __udivdi3
                0x00000000000015d4                __umoddi3
                0x0000000000001601                rand
                0x000000000000163c                free
                0x000000000000165d                malloc
                0x000000000000167e                calloc

.text.__x86.get_pc_thunk.bx
                0x00000000000016a5        0x4
 .text.__x86.get_pc_thunk.bx
                0x00000000000016a5        0x4 main.o
                0x00000000000016a5                __x86.get_pc_thunk.bx

.iplt           0x00000000000016a9        0x0
 .iplt          0x00000000000016a9        0x0 main.o

.text.__x86.get_pc_thunk.si
                0x00000000000016a9        0x4
 .text.__x86.get_pc_thunk.si
                0x00000000000016a9        0x4 /home/tjw/rt_hw/examples/cookinggame/pr1/../../..//libpok/libpok.a(core.lo)
                0x00000000000016a9                __x86.get_pc_thunk.si

.text.__x86.get_pc_thunk.bp
                0x00000000000016ad        0x4
 .text.__x86.get_pc_thunk.bp
                0x00000000000016ad        0x4 /home/tjw/rt_hw/examples/cookinggame/pr1/../../..//libpok/libpok.a(core.lo)
                0x00000000000016ad                __x86.get_pc_thunk.bp

.text.__x86.get_pc_thunk.ax
                0x00000000000016b1        0x4
 .text.__x86.get_pc_thunk.ax
                0x00000000000016b1        0x4 /home/tjw/rt_hw/examples/cookinggame/pr1/../../..//libpok/libpok.a(libc.lo)
                0x00000000000016b1                __x86.get_pc_thunk.ax

.text.__x86.get_pc_thunk.di
                0x00000000000016b5        0x4
 .text.__x86.get_pc_thunk.di
                0x00000000000016b5        0x4 /home/tjw/rt_hw/examples/cookinggame/pr1/../../..//libpok/libpok.a(libc.lo)
                0x00000000000016b5                __x86.get_pc_thunk.di

.rodata         0x00000000000016bc       0x11
 *(.rodata)
 .rodata        0x00000000000016bc       0x11 /home/tjw/rt_hw/examples/cookinggame/pr1/../../..//libpok/libpok.a(libc.lo)

.rodata.str1.4  0x00000000000016d0      0x33b
 .rodata.str1.4
                0x00000000000016d0      0x10f main.o
 *fill*         0x00000000000017df        0x1 
 .rodata.str1.4
                0x00000000000017e0      0x22b /home/tjw/rt_hw/examples/cookinggame/pr1/../../..//libpok/libpok.a(core.lo)

.eh_frame       0x0000000000001a0c      0xa4c
 .eh_frame      0x0000000000001a0c       0x70 main.o
 .eh_frame      0x0000000000001a7c       0xb4 activity.o
                                         0xe0 (size before relaxing)
 .eh_frame      0x0000000000001b30       0x30 /home/tjw/rt_hw/examples/cookinggame/pr1/../../..//libpok/libpok.a(arch.lo)
                                         0x60 (size before relaxing)
 .eh_frame      0x0000000000001b60      0x438 /home/tjw/rt_hw/examples/cookinggame/pr1/../../..//libpok/libpok.a(core.lo)
                                        0x5cc (size before relaxing)
 .eh_frame      0x0000000000001f98      0x4c0 /home/tjw/rt_hw/examples/cookinggame/pr1/../../..//libpok/libpok.a(libc.lo)
                                        0x668 (size before relaxing)

.note.gnu.property
                0x0000000000002458       0x1c
 .note.gnu.property
                0x0000000000002458       0x1c main.o

.rel.dyn        0x0000000000002474        0x0
 .rel.got       0x0000000000002474        0x0 main.o
 .rel.iplt      0x0000000000002474        0x0 main.o
 .rel.text      0x0000000000002474        0x0 main.o

.data           0x0000000000002480     0x8590
 *(.data)
 .data          0x0000000000002480        0x0 main.o
 .data          0x0000000000002480        0x0 activity.o
 .data          0x0000000000002480        0x0 /home/tjw/rt_hw/examples/cookinggame/pr1/../../..//libpok/libpok.a(arch.lo)
 .data          0x0000000000002480        0x0 /home/tjw/rt_hw/examples/cookinggame/pr1/../../..//libpok/libpok.a(core.lo)
 .data          0x0000000000002480        0x4 /home/tjw/rt_hw/examples/cookinggame/pr1/../../..//libpok/libpok.a(libc.lo)
 *(.bss)
 .bss           0x0000000000002484        0x0 main.o
 .bss           0x0000000000002484        0x2 activity.o
                0x0000000000002484                val
 .bss           0x0000000000002486        0x0 /home/tjw/rt_hw/examples/cookinggame/pr1/../../..//libpok/libpok.a(arch.lo)
 *fill*         0x0000000000002486        0x2 
 .bss           0x0000000000002488        0x8 /home/tjw/rt_hw/examples/cookinggame/pr1/../../..//libpok/libpok.a(core.lo)
                0x0000000000002488                pok_allocator_initialized
                0x000000000000248c                pok_allocator_used_spaces
 *fill*         0x0000000000002490       0x10 
 .bss           0x00000000000024a0       0x84 /home/tjw/rt_hw/examples/cookinggame/pr1/../../..//libpok/libpok.a(libc.lo)
 *(COMMON)
 COMMON         0x0000000000002524        0x4 main.o
                0x0000000000002524                sid2
                0x0000000000002526                sid1
 *fill*         0x0000000000002528       0x18 
 COMMON         0x0000000000002540     0x84d0 /home/tjw/rt_hw/examples/cookinggame/pr1/../../..//libpok/libpok.a(core.lo)
                0x0000000000002540                pok_allocator_memspace
                0x000000000000a540                errno
                0x000000000000a560                pok_allocator_spaces
                0x000000000000aa10                __partition_end = .
LOAD main.o
LOAD activity.o
LOAD /home/tjw/rt_hw/examples/cookinggame/pr1/../../..//libpok/libpok.a
LOAD /home/tjw/rt_hw/examples/cookinggame/pr1/../../..//libpok//libpok.a
OUTPUT(pr1.elf elf32-i386)

.got            0x000000000000aa10        0x4
 .got           0x000000000000aa10        0x4 main.o

.got.plt        0x000000000000aa14        0xc
 .got.plt       0x000000000000aa14        0xc main.o
                0x000000000000aa14                _GLOBAL_OFFSET_TABLE_

.igot.plt       0x000000000000aa20        0x0
 .igot.plt      0x000000000000aa20        0x0 main.o

.data.rel.ro.local
                0x000000000000aa20       0x6c
 .data.rel.ro.local
                0x000000000000aa20       0x6c /home/tjw/rt_hw/examples/cookinggame/pr1/../../..//libpok/libpok.a(libc.lo)

.debug_info     0x0000000000000000     0x5141
 .debug_info    0x0000000000000000      0x4b8 main.o
 .debug_info    0x00000000000004b8      0x16e activity.o
 .debug_info    0x0000000000000626      0x35a /home/tjw/rt_hw/examples/cookinggame/pr1/../../..//libpok/libpok.a(arch.lo)
 .debug_info    0x0000000000000980     0x2fde /home/tjw/rt_hw/examples/cookinggame/pr1/../../..//libpok/libpok.a(core.lo)
 .debug_info    0x000000000000395e     0x17e3 /home/tjw/rt_hw/examples/cookinggame/pr1/../../..//libpok/libpok.a(libc.lo)

.debug_abbrev   0x0000000000000000     0x1e75
 .debug_abbrev  0x0000000000000000      0x11b main.o
 .debug_abbrev  0x000000000000011b       0xba activity.o
 .debug_abbrev  0x00000000000001d5      0x135 /home/tjw/rt_hw/examples/cookinggame/pr1/../../..//libpok/libpok.a(arch.lo)
 .debug_abbrev  0x000000000000030a      0xeea /home/tjw/rt_hw/examples/cookinggame/pr1/../../..//libpok/libpok.a(core.lo)
 .debug_abbrev  0x00000000000011f4      0xc81 /home/tjw/rt_hw/examples/cookinggame/pr1/../../..//libpok/libpok.a(libc.lo)

.debug_loc      0x0000000000000000     0x1393
 .debug_loc     0x0000000000000000       0xef main.o
 .debug_loc     0x00000000000000ef       0x41 /home/tjw/rt_hw/examples/cookinggame/pr1/../../..//libpok/libpok.a(arch.lo)
 .debug_loc     0x0000000000000130      0x10f /home/tjw/rt_hw/examples/cookinggame/pr1/../../..//libpok/libpok.a(core.lo)
 .debug_loc     0x000000000000023f     0x1154 /home/tjw/rt_hw/examples/cookinggame/pr1/../../..//libpok/libpok.a(libc.lo)

.debug_aranges  0x0000000000000000      0x4b0
 .debug_aranges
                0x0000000000000000       0x20 main.o
 .debug_aranges
                0x0000000000000020       0x20 activity.o
 .debug_aranges
                0x0000000000000040       0x40 /home/tjw/rt_hw/examples/cookinggame/pr1/../../..//libpok/libpok.a(arch.lo)
 .debug_aranges
                0x0000000000000080      0x218 /home/tjw/rt_hw/examples/cookinggame/pr1/../../..//libpok/libpok.a(core.lo)
 .debug_aranges
                0x0000000000000298      0x218 /home/tjw/rt_hw/examples/cookinggame/pr1/../../..//libpok/libpok.a(libc.lo)

.debug_line     0x0000000000000000     0x2666
 .debug_line    0x0000000000000000      0x307 main.o
 .debug_line    0x0000000000000307      0x1d9 activity.o
 .debug_line    0x00000000000004e0      0x114 /home/tjw/rt_hw/examples/cookinggame/pr1/../../..//libpok/libpok.a(arch.lo)
 .debug_line    0x00000000000005f4     0x1011 /home/tjw/rt_hw/examples/cookinggame/pr1/../../..//libpok/libpok.a(core.lo)
 .debug_line    0x0000000000001605     0x1061 /home/tjw/rt_hw/examples/cookinggame/pr1/../../..//libpok/libpok.a(libc.lo)

.debug_str      0x0000000000000000     0x13d0
 .debug_str     0x0000000000000000      0x933 main.o
                                        0x977 (size before relaxing)
 .debug_str     0x0000000000000933       0x51 activity.o
                                        0x1b8 (size before relaxing)
 .debug_str     0x0000000000000984       0x75 /home/tjw/rt_hw/examples/cookinggame/pr1/../../..//libpok/libpok.a(arch.lo)
                                        0x993 (size before relaxing)
 .debug_str     0x00000000000009f9      0x6cd /home/tjw/rt_hw/examples/cookinggame/pr1/../../..//libpok/libpok.a(core.lo)
                                       0x8133 (size before relaxing)
 .debug_str     0x00000000000010c6      0x30a /home/tjw/rt_hw/examples/cookinggame/pr1/../../..//libpok/libpok.a(libc.lo)
                                       0x1b33 (size before relaxing)

.comment        0x0000000000000000       0x2a
 .comment       0x0000000000000000       0x2a main.o
                                         0x2b (size before relaxing)
 .comment       0x000000000000002a       0x2b activity.o
 .comment       0x000000000000002a       0xac /home/tjw/rt_hw/examples/cookinggame/pr1/../../..//libpok/libpok.a(arch.lo)
 .comment       0x000000000000002a      0x637 /home/tjw/rt_hw/examples/cookinggame/pr1/../../..//libpok/libpok.a(core.lo)
 .comment       0x000000000000002a      0x2db /home/tjw/rt_hw/examples/cookinggame/pr1/../../..//libpok/libpok.a(libc.lo)

.note.GNU-stack
                0x0000000000000000        0x0
 .note.GNU-stack
                0x0000000000000000        0x0 main.o
 .note.GNU-stack
                0x0000000000000000        0x0 activity.o
 .note.GNU-stack
                0x0000000000000000        0x0 /home/tjw/rt_hw/examples/cookinggame/pr1/../../..//libpok/libpok.a(arch.lo)
 .note.GNU-stack
                0x0000000000000000        0x0 /home/tjw/rt_hw/examples/cookinggame/pr1/../../..//libpok/libpok.a(core.lo)
 .note.GNU-stack
                0x0000000000000000        0x0 /home/tjw/rt_hw/examples/cookinggame/pr1/../../..//libpok/libpok.a(libc.lo)

.debug_ranges   0x0000000000000000       0x60
 .debug_ranges  0x0000000000000000       0x60 /home/tjw/rt_hw/examples/cookinggame/pr1/../../..//libpok/libpok.a(libc.lo)
