Archive member included to satisfy reference by file (symbol)

/home/tjw/rt_hw/examples/policy-prio-testcase/pr1/../../..//libpok/libpok.a(arch.lo)
                              main.o (pok_do_syscall)
/home/tjw/rt_hw/examples/policy-prio-testcase/pr1/../../..//libpok/libpok.a(core.lo)
                              main.o (pok_thread_create)
/home/tjw/rt_hw/examples/policy-prio-testcase/pr1/../../..//libpok/libpok.a(libc.lo)
                              main.o (printf)

Merging program properties


Allocating common symbols
Common symbol       size              file

pok_allocator_memspace
                    0x8000            /home/tjw/rt_hw/examples/policy-prio-testcase/pr1/../../..//libpok/libpok.a(core.lo)
errno               0x4               /home/tjw/rt_hw/examples/policy-prio-testcase/pr1/../../..//libpok/libpok.a(core.lo)
pok_allocator_spaces
                    0x4b0             /home/tjw/rt_hw/examples/policy-prio-testcase/pr1/../../..//libpok/libpok.a(core.lo)

Discarded input sections

 .group         0x0000000000000000        0x8 main.o
 .note.gnu.property
                0x0000000000000000       0x1c activity.o
 .note.gnu.property
                0x0000000000000000       0x1c /home/tjw/rt_hw/examples/policy-prio-testcase/pr1/../../..//libpok/libpok.a(arch.lo)
 .group         0x0000000000000000        0x8 /home/tjw/rt_hw/examples/policy-prio-testcase/pr1/../../..//libpok/libpok.a(core.lo)
 .group         0x0000000000000000        0x8 /home/tjw/rt_hw/examples/policy-prio-testcase/pr1/../../..//libpok/libpok.a(core.lo)
 .group         0x0000000000000000        0x8 /home/tjw/rt_hw/examples/policy-prio-testcase/pr1/../../..//libpok/libpok.a(core.lo)
 .note.gnu.property
                0x0000000000000000       0x1c /home/tjw/rt_hw/examples/policy-prio-testcase/pr1/../../..//libpok/libpok.a(core.lo)
 .text.__x86.get_pc_thunk.bx
                0x0000000000000000        0x4 /home/tjw/rt_hw/examples/policy-prio-testcase/pr1/../../..//libpok/libpok.a(core.lo)
 .group         0x0000000000000000        0x8 /home/tjw/rt_hw/examples/policy-prio-testcase/pr1/../../..//libpok/libpok.a(libc.lo)
 .group         0x0000000000000000        0x8 /home/tjw/rt_hw/examples/policy-prio-testcase/pr1/../../..//libpok/libpok.a(libc.lo)
 .group         0x0000000000000000        0x8 /home/tjw/rt_hw/examples/policy-prio-testcase/pr1/../../..//libpok/libpok.a(libc.lo)
 .group         0x0000000000000000        0x8 /home/tjw/rt_hw/examples/policy-prio-testcase/pr1/../../..//libpok/libpok.a(libc.lo)
 .note.gnu.property
                0x0000000000000000       0x1c /home/tjw/rt_hw/examples/policy-prio-testcase/pr1/../../..//libpok/libpok.a(libc.lo)
 .text.__x86.get_pc_thunk.bx
                0x0000000000000000        0x4 /home/tjw/rt_hw/examples/policy-prio-testcase/pr1/../../..//libpok/libpok.a(libc.lo)
 .text.__x86.get_pc_thunk.bp
                0x0000000000000000        0x4 /home/tjw/rt_hw/examples/policy-prio-testcase/pr1/../../..//libpok/libpok.a(libc.lo)

Memory Configuration

Name             Origin             Length             Attributes
*default*        0x0000000000000000 0xffffffffffffffff

Linker script and memory map

                0x0000000000000000                . = 0x0
                0x0000000000000000                __partition_begin = .

.text           0x0000000000000000     0x1491
 *(.text)
 .text          0x0000000000000000      0x137 main.o
                0x0000000000000000                main
 .text          0x0000000000000137        0xc activity.o
                0x0000000000000137                job1
                0x000000000000013d                job2
 .text          0x0000000000000143       0x1c /home/tjw/rt_hw/examples/policy-prio-testcase/pr1/../../..//libpok/libpok.a(arch.lo)
                0x0000000000000143                pok_arch_idle
                0x000000000000014a                pok_do_syscall
 .text          0x000000000000015f      0x987 /home/tjw/rt_hw/examples/policy-prio-testcase/pr1/../../..//libpok/libpok.a(core.lo)
                0x000000000000015f                pok_allocator_print_spaces
                0x00000000000001cf                pok_allocator_allocate
                0x00000000000003b2                pok_allocator_delete_space
                0x0000000000000416                pok_allocator_merge_space
                0x00000000000004ff                pok_allocator_free
                0x00000000000005f8                pok_time_gettick
                0x000000000000064c                pok_time_get
                0x0000000000000660                __pok_partition_start
                0x0000000000000682                pok_sem_create
                0x0000000000000707                pok_sem_signal
                0x0000000000000772                pok_sem_status
                0x000000000000077c                pok_sem_wait
                0x00000000000007f7                pok_thread_create
                0x000000000000084b                pok_thread_attr_init
                0x000000000000089a                pok_thread_period
                0x00000000000008ee                pok_thread_sleep
                0x0000000000000942                pok_thread_status
                0x0000000000000996                pok_thread_yield
                0x00000000000009ea                pok_thread_delayed_start
                0x0000000000000a3e                pok_thread_set_priority
                0x0000000000000a92                pok_thread_resume
 .text          0x0000000000000ae6      0x9ab /home/tjw/rt_hw/examples/policy-prio-testcase/pr1/../../..//libpok/libpok.a(libc.lo)
                0x0000000000000e01                vprintf
                0x0000000000000f67                printf
                0x0000000000000f83                itoa
                0x0000000000001048                atoi
                0x000000000000108f                memcpy
                0x00000000000010bf                memset
                0x00000000000010e7                memcmp
                0x0000000000001130                strcmp
                0x0000000000001176                strncmp
                0x00000000000011d5                strcpy
                0x000000000000120b                strncpy
                0x000000000000123f                streq
                0x00000000000012d7                strlen
                0x00000000000012f9                __udivdi3
                0x00000000000013c0                __umoddi3
                0x00000000000013ed                rand
                0x0000000000001428                free
                0x0000000000001449                malloc
                0x000000000000146a                calloc

.text.__x86.get_pc_thunk.bx
                0x0000000000001491        0x4
 .text.__x86.get_pc_thunk.bx
                0x0000000000001491        0x4 main.o
                0x0000000000001491                __x86.get_pc_thunk.bx

.iplt           0x0000000000001495        0x0
 .iplt          0x0000000000001495        0x0 main.o

.text.__x86.get_pc_thunk.si
                0x0000000000001495        0x4
 .text.__x86.get_pc_thunk.si
                0x0000000000001495        0x4 /home/tjw/rt_hw/examples/policy-prio-testcase/pr1/../../..//libpok/libpok.a(core.lo)
                0x0000000000001495                __x86.get_pc_thunk.si

.text.__x86.get_pc_thunk.bp
                0x0000000000001499        0x4
 .text.__x86.get_pc_thunk.bp
                0x0000000000001499        0x4 /home/tjw/rt_hw/examples/policy-prio-testcase/pr1/../../..//libpok/libpok.a(core.lo)
                0x0000000000001499                __x86.get_pc_thunk.bp

.text.__x86.get_pc_thunk.ax
                0x000000000000149d        0x4
 .text.__x86.get_pc_thunk.ax
                0x000000000000149d        0x4 /home/tjw/rt_hw/examples/policy-prio-testcase/pr1/../../..//libpok/libpok.a(libc.lo)
                0x000000000000149d                __x86.get_pc_thunk.ax

.text.__x86.get_pc_thunk.di
                0x00000000000014a1        0x4
 .text.__x86.get_pc_thunk.di
                0x00000000000014a1        0x4 /home/tjw/rt_hw/examples/policy-prio-testcase/pr1/../../..//libpok/libpok.a(libc.lo)
                0x00000000000014a1                __x86.get_pc_thunk.di

.rodata         0x00000000000014a8       0x11
 *(.rodata)
 .rodata        0x00000000000014a8       0x11 /home/tjw/rt_hw/examples/policy-prio-testcase/pr1/../../..//libpok/libpok.a(libc.lo)

.rodata.str1.4  0x00000000000014bc      0x283
 .rodata.str1.4
                0x00000000000014bc       0x55 main.o
 *fill*         0x0000000000001511        0x3 
 .rodata.str1.4
                0x0000000000001514      0x22b /home/tjw/rt_hw/examples/policy-prio-testcase/pr1/../../..//libpok/libpok.a(core.lo)

.eh_frame       0x0000000000001740      0x9c0
 .eh_frame      0x0000000000001740       0x70 main.o
 .eh_frame      0x00000000000017b0       0x28 activity.o
                                         0x40 (size before relaxing)
 .eh_frame      0x00000000000017d8       0x30 /home/tjw/rt_hw/examples/policy-prio-testcase/pr1/../../..//libpok/libpok.a(arch.lo)
                                         0x60 (size before relaxing)
 .eh_frame      0x0000000000001808      0x438 /home/tjw/rt_hw/examples/policy-prio-testcase/pr1/../../..//libpok/libpok.a(core.lo)
                                        0x5cc (size before relaxing)
 .eh_frame      0x0000000000001c40      0x4c0 /home/tjw/rt_hw/examples/policy-prio-testcase/pr1/../../..//libpok/libpok.a(libc.lo)
                                        0x668 (size before relaxing)

.note.gnu.property
                0x0000000000002100       0x1c
 .note.gnu.property
                0x0000000000002100       0x1c main.o

.rel.dyn        0x000000000000211c        0x0
 .rel.got       0x000000000000211c        0x0 main.o
 .rel.iplt      0x000000000000211c        0x0 main.o
 .rel.text      0x000000000000211c        0x0 main.o

.data           0x0000000000002120     0x8590
 *(.data)
 .data          0x0000000000002120        0x0 main.o
 .data          0x0000000000002120        0x0 activity.o
 .data          0x0000000000002120        0x0 /home/tjw/rt_hw/examples/policy-prio-testcase/pr1/../../..//libpok/libpok.a(arch.lo)
 .data          0x0000000000002120        0x0 /home/tjw/rt_hw/examples/policy-prio-testcase/pr1/../../..//libpok/libpok.a(core.lo)
 .data          0x0000000000002120        0x4 /home/tjw/rt_hw/examples/policy-prio-testcase/pr1/../../..//libpok/libpok.a(libc.lo)
 *(.bss)
 .bss           0x0000000000002124        0x0 main.o
 .bss           0x0000000000002124        0x0 activity.o
 .bss           0x0000000000002124        0x0 /home/tjw/rt_hw/examples/policy-prio-testcase/pr1/../../..//libpok/libpok.a(arch.lo)
 .bss           0x0000000000002124        0x8 /home/tjw/rt_hw/examples/policy-prio-testcase/pr1/../../..//libpok/libpok.a(core.lo)
                0x0000000000002124                pok_allocator_initialized
                0x0000000000002128                pok_allocator_used_spaces
 *fill*         0x000000000000212c       0x14 
 .bss           0x0000000000002140       0x84 /home/tjw/rt_hw/examples/policy-prio-testcase/pr1/../../..//libpok/libpok.a(libc.lo)
 *(COMMON)
 *fill*         0x00000000000021c4       0x1c 
 COMMON         0x00000000000021e0     0x84d0 /home/tjw/rt_hw/examples/policy-prio-testcase/pr1/../../..//libpok/libpok.a(core.lo)
                0x00000000000021e0                pok_allocator_memspace
                0x000000000000a1e0                errno
                0x000000000000a200                pok_allocator_spaces
                0x000000000000a6b0                __partition_end = .
LOAD main.o
LOAD activity.o
LOAD /home/tjw/rt_hw/examples/policy-prio-testcase/pr1/../../..//libpok/libpok.a
LOAD /home/tjw/rt_hw/examples/policy-prio-testcase/pr1/../../..//libpok//libpok.a
OUTPUT(pr1.elf elf32-i386)

.got            0x000000000000a6b0        0x0
 .got           0x000000000000a6b0        0x0 main.o

.got.plt        0x000000000000a6b0        0xc
 .got.plt       0x000000000000a6b0        0xc main.o
                0x000000000000a6b0                _GLOBAL_OFFSET_TABLE_

.igot.plt       0x000000000000a6bc        0x0
 .igot.plt      0x000000000000a6bc        0x0 main.o

.data.rel.ro.local
                0x000000000000a6c0       0x6c
 .data.rel.ro.local
                0x000000000000a6c0       0x6c /home/tjw/rt_hw/examples/policy-prio-testcase/pr1/../../..//libpok/libpok.a(libc.lo)

.debug_info     0x0000000000000000     0x4ff4
 .debug_info    0x0000000000000000      0x42e main.o
 .debug_info    0x000000000000042e       0xab activity.o
 .debug_info    0x00000000000004d9      0x35a /home/tjw/rt_hw/examples/policy-prio-testcase/pr1/../../..//libpok/libpok.a(arch.lo)
 .debug_info    0x0000000000000833     0x2fde /home/tjw/rt_hw/examples/policy-prio-testcase/pr1/../../..//libpok/libpok.a(core.lo)
 .debug_info    0x0000000000003811     0x17e3 /home/tjw/rt_hw/examples/policy-prio-testcase/pr1/../../..//libpok/libpok.a(libc.lo)

.debug_abbrev   0x0000000000000000     0x1e15
 .debug_abbrev  0x0000000000000000      0x108 main.o
 .debug_abbrev  0x0000000000000108       0x6d activity.o
 .debug_abbrev  0x0000000000000175      0x135 /home/tjw/rt_hw/examples/policy-prio-testcase/pr1/../../..//libpok/libpok.a(arch.lo)
 .debug_abbrev  0x00000000000002aa      0xeea /home/tjw/rt_hw/examples/policy-prio-testcase/pr1/../../..//libpok/libpok.a(core.lo)
 .debug_abbrev  0x0000000000001194      0xc81 /home/tjw/rt_hw/examples/policy-prio-testcase/pr1/../../..//libpok/libpok.a(libc.lo)

.debug_loc      0x0000000000000000     0x12fe
 .debug_loc     0x0000000000000000       0x5a main.o
 .debug_loc     0x000000000000005a       0x41 /home/tjw/rt_hw/examples/policy-prio-testcase/pr1/../../..//libpok/libpok.a(arch.lo)
 .debug_loc     0x000000000000009b      0x10f /home/tjw/rt_hw/examples/policy-prio-testcase/pr1/../../..//libpok/libpok.a(core.lo)
 .debug_loc     0x00000000000001aa     0x1154 /home/tjw/rt_hw/examples/policy-prio-testcase/pr1/../../..//libpok/libpok.a(libc.lo)

.debug_aranges  0x0000000000000000      0x4b0
 .debug_aranges
                0x0000000000000000       0x20 main.o
 .debug_aranges
                0x0000000000000020       0x20 activity.o
 .debug_aranges
                0x0000000000000040       0x40 /home/tjw/rt_hw/examples/policy-prio-testcase/pr1/../../..//libpok/libpok.a(arch.lo)
 .debug_aranges
                0x0000000000000080      0x218 /home/tjw/rt_hw/examples/policy-prio-testcase/pr1/../../..//libpok/libpok.a(core.lo)
 .debug_aranges
                0x0000000000000298      0x218 /home/tjw/rt_hw/examples/policy-prio-testcase/pr1/../../..//libpok/libpok.a(libc.lo)

.debug_line     0x0000000000000000     0x24d0
 .debug_line    0x0000000000000000      0x230 main.o
 .debug_line    0x0000000000000230      0x11a activity.o
 .debug_line    0x000000000000034a      0x114 /home/tjw/rt_hw/examples/policy-prio-testcase/pr1/../../..//libpok/libpok.a(arch.lo)
 .debug_line    0x000000000000045e     0x1011 /home/tjw/rt_hw/examples/policy-prio-testcase/pr1/../../..//libpok/libpok.a(core.lo)
 .debug_line    0x000000000000146f     0x1061 /home/tjw/rt_hw/examples/policy-prio-testcase/pr1/../../..//libpok/libpok.a(libc.lo)

.debug_str      0x0000000000000000     0x13af
 .debug_str     0x0000000000000000      0x923 main.o
                                        0x967 (size before relaxing)
 .debug_str     0x0000000000000923       0x15 activity.o
                                        0x173 (size before relaxing)
 .debug_str     0x0000000000000938       0x75 /home/tjw/rt_hw/examples/policy-prio-testcase/pr1/../../..//libpok/libpok.a(arch.lo)
                                        0x993 (size before relaxing)
 .debug_str     0x00000000000009ad      0x6f8 /home/tjw/rt_hw/examples/policy-prio-testcase/pr1/../../..//libpok/libpok.a(core.lo)
                                       0x8133 (size before relaxing)
 .debug_str     0x00000000000010a5      0x30a /home/tjw/rt_hw/examples/policy-prio-testcase/pr1/../../..//libpok/libpok.a(libc.lo)
                                       0x1b33 (size before relaxing)

.comment        0x0000000000000000       0x2a
 .comment       0x0000000000000000       0x2a main.o
                                         0x2b (size before relaxing)
 .comment       0x000000000000002a       0x2b activity.o
 .comment       0x000000000000002a       0xac /home/tjw/rt_hw/examples/policy-prio-testcase/pr1/../../..//libpok/libpok.a(arch.lo)
 .comment       0x000000000000002a      0x637 /home/tjw/rt_hw/examples/policy-prio-testcase/pr1/../../..//libpok/libpok.a(core.lo)
 .comment       0x000000000000002a      0x2db /home/tjw/rt_hw/examples/policy-prio-testcase/pr1/../../..//libpok/libpok.a(libc.lo)

.note.GNU-stack
                0x0000000000000000        0x0
 .note.GNU-stack
                0x0000000000000000        0x0 main.o
 .note.GNU-stack
                0x0000000000000000        0x0 activity.o
 .note.GNU-stack
                0x0000000000000000        0x0 /home/tjw/rt_hw/examples/policy-prio-testcase/pr1/../../..//libpok/libpok.a(arch.lo)
 .note.GNU-stack
                0x0000000000000000        0x0 /home/tjw/rt_hw/examples/policy-prio-testcase/pr1/../../..//libpok/libpok.a(core.lo)
 .note.GNU-stack
                0x0000000000000000        0x0 /home/tjw/rt_hw/examples/policy-prio-testcase/pr1/../../..//libpok/libpok.a(libc.lo)

.debug_ranges   0x0000000000000000       0x60
 .debug_ranges  0x0000000000000000       0x60 /home/tjw/rt_hw/examples/policy-prio-testcase/pr1/../../..//libpok/libpok.a(libc.lo)
