Archive member included to satisfy reference by file (symbol)

/home/tjw/pok/examples/semaphores/pr2/../../..//libpok/libpok.a(arch.lo)
                              main.o (pok_do_syscall)
/home/tjw/pok/examples/semaphores/pr2/../../..//libpok/libpok.a(core.lo)
                              main.o (pok_thread_create)
/home/tjw/pok/examples/semaphores/pr2/../../..//libpok/libpok.a(libc.lo)
                              main.o (printf)

Merging program properties


Allocating common symbols
Common symbol       size              file

pok_allocator_memspace
                    0x8000            /home/tjw/pok/examples/semaphores/pr2/../../..//libpok/libpok.a(core.lo)
errno               0x4               /home/tjw/pok/examples/semaphores/pr2/../../..//libpok/libpok.a(core.lo)
pok_allocator_spaces
                    0x4b0             /home/tjw/pok/examples/semaphores/pr2/../../..//libpok/libpok.a(core.lo)

Discarded input sections

 .group         0x0000000000000000        0x8 main.o
 .group         0x0000000000000000        0x8 activity.o
 .text.__x86.get_pc_thunk.bx
                0x0000000000000000        0x4 activity.o
 .note.gnu.property
                0x0000000000000000       0x1c activity.o
 .note.gnu.property
                0x0000000000000000       0x1c /home/tjw/pok/examples/semaphores/pr2/../../..//libpok/libpok.a(arch.lo)
 .group         0x0000000000000000        0x8 /home/tjw/pok/examples/semaphores/pr2/../../..//libpok/libpok.a(core.lo)
 .group         0x0000000000000000        0x8 /home/tjw/pok/examples/semaphores/pr2/../../..//libpok/libpok.a(core.lo)
 .group         0x0000000000000000        0x8 /home/tjw/pok/examples/semaphores/pr2/../../..//libpok/libpok.a(core.lo)
 .note.gnu.property
                0x0000000000000000       0x1c /home/tjw/pok/examples/semaphores/pr2/../../..//libpok/libpok.a(core.lo)
 .text.__x86.get_pc_thunk.bx
                0x0000000000000000        0x4 /home/tjw/pok/examples/semaphores/pr2/../../..//libpok/libpok.a(core.lo)
 .group         0x0000000000000000        0x8 /home/tjw/pok/examples/semaphores/pr2/../../..//libpok/libpok.a(libc.lo)
 .group         0x0000000000000000        0x8 /home/tjw/pok/examples/semaphores/pr2/../../..//libpok/libpok.a(libc.lo)
 .group         0x0000000000000000        0x8 /home/tjw/pok/examples/semaphores/pr2/../../..//libpok/libpok.a(libc.lo)
 .group         0x0000000000000000        0x8 /home/tjw/pok/examples/semaphores/pr2/../../..//libpok/libpok.a(libc.lo)
 .note.gnu.property
                0x0000000000000000       0x1c /home/tjw/pok/examples/semaphores/pr2/../../..//libpok/libpok.a(libc.lo)
 .text.__x86.get_pc_thunk.bx
                0x0000000000000000        0x4 /home/tjw/pok/examples/semaphores/pr2/../../..//libpok/libpok.a(libc.lo)
 .text.__x86.get_pc_thunk.bp
                0x0000000000000000        0x4 /home/tjw/pok/examples/semaphores/pr2/../../..//libpok/libpok.a(libc.lo)

Memory Configuration

Name             Origin             Length             Attributes
*default*        0x0000000000000000 0xffffffffffffffff

Linker script and memory map

                0x0000000000000000                . = 0x0
                0x0000000000000000                __partition_begin = .

.text           0x0000000000000000     0x14e0
 *(.text)
 .text          0x0000000000000000      0x142 main.o
                0x0000000000000000                main
 .text          0x0000000000000142       0x50 activity.o
                0x0000000000000142                pinger_job
                0x000000000000016a                job1
 .text          0x0000000000000192       0x1c /home/tjw/pok/examples/semaphores/pr2/../../..//libpok/libpok.a(arch.lo)
                0x0000000000000192                pok_arch_idle
                0x0000000000000199                pok_do_syscall
 .text          0x00000000000001ae      0x987 /home/tjw/pok/examples/semaphores/pr2/../../..//libpok/libpok.a(core.lo)
                0x00000000000001ae                pok_allocator_print_spaces
                0x000000000000021e                pok_allocator_allocate
                0x0000000000000401                pok_allocator_delete_space
                0x0000000000000465                pok_allocator_merge_space
                0x000000000000054e                pok_allocator_free
                0x0000000000000647                pok_time_gettick
                0x000000000000069b                pok_time_get
                0x00000000000006af                __pok_partition_start
                0x00000000000006d1                pok_sem_create
                0x0000000000000756                pok_sem_signal
                0x00000000000007c1                pok_sem_status
                0x00000000000007cb                pok_sem_wait
                0x0000000000000846                pok_thread_create
                0x000000000000089a                pok_thread_attr_init
                0x00000000000008e9                pok_thread_period
                0x000000000000093d                pok_thread_sleep
                0x0000000000000991                pok_thread_status
                0x00000000000009e5                pok_thread_yield
                0x0000000000000a39                pok_thread_delayed_start
                0x0000000000000a8d                pok_thread_set_priority
                0x0000000000000ae1                pok_thread_resume
 .text          0x0000000000000b35      0x9ab /home/tjw/pok/examples/semaphores/pr2/../../..//libpok/libpok.a(libc.lo)
                0x0000000000000e50                vprintf
                0x0000000000000fb6                printf
                0x0000000000000fd2                itoa
                0x0000000000001097                atoi
                0x00000000000010de                memcpy
                0x000000000000110e                memset
                0x0000000000001136                memcmp
                0x000000000000117f                strcmp
                0x00000000000011c5                strncmp
                0x0000000000001224                strcpy
                0x000000000000125a                strncpy
                0x000000000000128e                streq
                0x0000000000001326                strlen
                0x0000000000001348                __udivdi3
                0x000000000000140f                __umoddi3
                0x000000000000143c                rand
                0x0000000000001477                free
                0x0000000000001498                malloc
                0x00000000000014b9                calloc

.text.__x86.get_pc_thunk.bx
                0x00000000000014e0        0x4
 .text.__x86.get_pc_thunk.bx
                0x00000000000014e0        0x4 main.o
                0x00000000000014e0                __x86.get_pc_thunk.bx

.iplt           0x00000000000014e4        0x0
 .iplt          0x00000000000014e4        0x0 main.o

.text.__x86.get_pc_thunk.si
                0x00000000000014e4        0x4
 .text.__x86.get_pc_thunk.si
                0x00000000000014e4        0x4 /home/tjw/pok/examples/semaphores/pr2/../../..//libpok/libpok.a(core.lo)
                0x00000000000014e4                __x86.get_pc_thunk.si

.text.__x86.get_pc_thunk.bp
                0x00000000000014e8        0x4
 .text.__x86.get_pc_thunk.bp
                0x00000000000014e8        0x4 /home/tjw/pok/examples/semaphores/pr2/../../..//libpok/libpok.a(core.lo)
                0x00000000000014e8                __x86.get_pc_thunk.bp

.text.__x86.get_pc_thunk.ax
                0x00000000000014ec        0x4
 .text.__x86.get_pc_thunk.ax
                0x00000000000014ec        0x4 /home/tjw/pok/examples/semaphores/pr2/../../..//libpok/libpok.a(libc.lo)
                0x00000000000014ec                __x86.get_pc_thunk.ax

.text.__x86.get_pc_thunk.di
                0x00000000000014f0        0x4
 .text.__x86.get_pc_thunk.di
                0x00000000000014f0        0x4 /home/tjw/pok/examples/semaphores/pr2/../../..//libpok/libpok.a(libc.lo)
                0x00000000000014f0                __x86.get_pc_thunk.di

.rodata         0x00000000000014f4       0x11
 *(.rodata)
 .rodata        0x00000000000014f4       0x11 /home/tjw/pok/examples/semaphores/pr2/../../..//libpok/libpok.a(libc.lo)

.rodata.str1.4  0x0000000000001508      0x24b
 .rodata.str1.4
                0x0000000000001508       0x20 main.o
 .rodata.str1.4
                0x0000000000001528      0x22b /home/tjw/pok/examples/semaphores/pr2/../../..//libpok/libpok.a(core.lo)

.eh_frame       0x0000000000001754      0x9e8
 .eh_frame      0x0000000000001754       0x70 main.o
 .eh_frame      0x00000000000017c4       0x50 activity.o
                                         0x7c (size before relaxing)
 .eh_frame      0x0000000000001814       0x30 /home/tjw/pok/examples/semaphores/pr2/../../..//libpok/libpok.a(arch.lo)
                                         0x60 (size before relaxing)
 .eh_frame      0x0000000000001844      0x438 /home/tjw/pok/examples/semaphores/pr2/../../..//libpok/libpok.a(core.lo)
                                        0x5cc (size before relaxing)
 .eh_frame      0x0000000000001c7c      0x4c0 /home/tjw/pok/examples/semaphores/pr2/../../..//libpok/libpok.a(libc.lo)
                                        0x668 (size before relaxing)

.rodata.str1.1  0x000000000000213c       0x1b
 .rodata.str1.1
                0x000000000000213c       0x1b activity.o

.note.gnu.property
                0x0000000000002158       0x1c
 .note.gnu.property
                0x0000000000002158       0x1c main.o

.rel.dyn        0x0000000000002174        0x0
 .rel.got       0x0000000000002174        0x0 main.o
 .rel.iplt      0x0000000000002174        0x0 main.o
 .rel.text      0x0000000000002174        0x0 main.o

.data           0x0000000000002180     0x8590
 *(.data)
 .data          0x0000000000002180        0x0 main.o
 .data          0x0000000000002180        0x0 activity.o
 .data          0x0000000000002180        0x0 /home/tjw/pok/examples/semaphores/pr2/../../..//libpok/libpok.a(arch.lo)
 .data          0x0000000000002180        0x0 /home/tjw/pok/examples/semaphores/pr2/../../..//libpok/libpok.a(core.lo)
 .data          0x0000000000002180        0x4 /home/tjw/pok/examples/semaphores/pr2/../../..//libpok/libpok.a(libc.lo)
 *(.bss)
 .bss           0x0000000000002184        0x0 main.o
 .bss           0x0000000000002184        0x0 activity.o
 .bss           0x0000000000002184        0x0 /home/tjw/pok/examples/semaphores/pr2/../../..//libpok/libpok.a(arch.lo)
 .bss           0x0000000000002184        0x8 /home/tjw/pok/examples/semaphores/pr2/../../..//libpok/libpok.a(core.lo)
                0x0000000000002184                pok_allocator_initialized
                0x0000000000002188                pok_allocator_used_spaces
 *fill*         0x000000000000218c       0x14 
 .bss           0x00000000000021a0       0x84 /home/tjw/pok/examples/semaphores/pr2/../../..//libpok/libpok.a(libc.lo)
 *(COMMON)
 *fill*         0x0000000000002224       0x1c 
 COMMON         0x0000000000002240     0x84d0 /home/tjw/pok/examples/semaphores/pr2/../../..//libpok/libpok.a(core.lo)
                0x0000000000002240                pok_allocator_memspace
                0x000000000000a240                errno
                0x000000000000a260                pok_allocator_spaces
                0x000000000000a710                __partition_end = .
LOAD main.o
LOAD activity.o
LOAD /home/tjw/pok/examples/semaphores/pr2/../../..//libpok/libpok.a
LOAD /home/tjw/pok/examples/semaphores/pr2/../../..//libpok//libpok.a
OUTPUT(pr2.elf elf32-i386)

.got            0x000000000000a710        0x0
 .got           0x000000000000a710        0x0 main.o

.got.plt        0x000000000000a710        0xc
 .got.plt       0x000000000000a710        0xc main.o
                0x000000000000a710                _GLOBAL_OFFSET_TABLE_

.igot.plt       0x000000000000a71c        0x0
 .igot.plt      0x000000000000a71c        0x0 main.o

.data.rel.ro.local
                0x000000000000a720       0x6c
 .data.rel.ro.local
                0x000000000000a720       0x6c /home/tjw/pok/examples/semaphores/pr2/../../..//libpok/libpok.a(libc.lo)

.debug_info     0x0000000000000000     0x5033
 .debug_info    0x0000000000000000      0x348 main.o
 .debug_info    0x0000000000000348      0x1d0 activity.o
 .debug_info    0x0000000000000518      0x35a /home/tjw/pok/examples/semaphores/pr2/../../..//libpok/libpok.a(arch.lo)
 .debug_info    0x0000000000000872     0x2fde /home/tjw/pok/examples/semaphores/pr2/../../..//libpok/libpok.a(core.lo)
 .debug_info    0x0000000000003850     0x17e3 /home/tjw/pok/examples/semaphores/pr2/../../..//libpok/libpok.a(libc.lo)

.debug_abbrev   0x0000000000000000     0x1e83
 .debug_abbrev  0x0000000000000000      0x122 main.o
 .debug_abbrev  0x0000000000000122       0xc1 activity.o
 .debug_abbrev  0x00000000000001e3      0x135 /home/tjw/pok/examples/semaphores/pr2/../../..//libpok/libpok.a(arch.lo)
 .debug_abbrev  0x0000000000000318      0xeea /home/tjw/pok/examples/semaphores/pr2/../../..//libpok/libpok.a(core.lo)
 .debug_abbrev  0x0000000000001202      0xc81 /home/tjw/pok/examples/semaphores/pr2/../../..//libpok/libpok.a(libc.lo)

.debug_loc      0x0000000000000000     0x12e2
 .debug_loc     0x0000000000000000       0x3e main.o
 .debug_loc     0x000000000000003e       0x41 /home/tjw/pok/examples/semaphores/pr2/../../..//libpok/libpok.a(arch.lo)
 .debug_loc     0x000000000000007f      0x10f /home/tjw/pok/examples/semaphores/pr2/../../..//libpok/libpok.a(core.lo)
 .debug_loc     0x000000000000018e     0x1154 /home/tjw/pok/examples/semaphores/pr2/../../..//libpok/libpok.a(libc.lo)

.debug_aranges  0x0000000000000000      0x4b0
 .debug_aranges
                0x0000000000000000       0x20 main.o
 .debug_aranges
                0x0000000000000020       0x20 activity.o
 .debug_aranges
                0x0000000000000040       0x40 /home/tjw/pok/examples/semaphores/pr2/../../..//libpok/libpok.a(arch.lo)
 .debug_aranges
                0x0000000000000080      0x218 /home/tjw/pok/examples/semaphores/pr2/../../..//libpok/libpok.a(core.lo)
 .debug_aranges
                0x0000000000000298      0x218 /home/tjw/pok/examples/semaphores/pr2/../../..//libpok/libpok.a(libc.lo)

.debug_line     0x0000000000000000     0x24b8
 .debug_line    0x0000000000000000      0x1bb main.o
 .debug_line    0x00000000000001bb      0x177 activity.o
 .debug_line    0x0000000000000332      0x114 /home/tjw/pok/examples/semaphores/pr2/../../..//libpok/libpok.a(arch.lo)
 .debug_line    0x0000000000000446     0x1011 /home/tjw/pok/examples/semaphores/pr2/../../..//libpok/libpok.a(core.lo)
 .debug_line    0x0000000000001457     0x1061 /home/tjw/pok/examples/semaphores/pr2/../../..//libpok/libpok.a(libc.lo)

.debug_str      0x0000000000000000     0x139d
 .debug_str     0x0000000000000000      0x6a2 main.o
                                        0x6e1 (size before relaxing)
 .debug_str     0x00000000000006a2      0x290 activity.o
                                        0x3e9 (size before relaxing)
 .debug_str     0x0000000000000932       0x73 /home/tjw/pok/examples/semaphores/pr2/../../..//libpok/libpok.a(arch.lo)
                                        0x98b (size before relaxing)
 .debug_str     0x00000000000009a5      0x6f6 /home/tjw/pok/examples/semaphores/pr2/../../..//libpok/libpok.a(core.lo)
                                       0x80e9 (size before relaxing)
 .debug_str     0x000000000000109b      0x302 /home/tjw/pok/examples/semaphores/pr2/../../..//libpok/libpok.a(libc.lo)
                                       0x1b11 (size before relaxing)

.comment        0x0000000000000000       0x2a
 .comment       0x0000000000000000       0x2a main.o
                                         0x2b (size before relaxing)
 .comment       0x000000000000002a       0x2b activity.o
 .comment       0x000000000000002a       0xac /home/tjw/pok/examples/semaphores/pr2/../../..//libpok/libpok.a(arch.lo)
 .comment       0x000000000000002a      0x637 /home/tjw/pok/examples/semaphores/pr2/../../..//libpok/libpok.a(core.lo)
 .comment       0x000000000000002a      0x2db /home/tjw/pok/examples/semaphores/pr2/../../..//libpok/libpok.a(libc.lo)

.note.GNU-stack
                0x0000000000000000        0x0
 .note.GNU-stack
                0x0000000000000000        0x0 main.o
 .note.GNU-stack
                0x0000000000000000        0x0 activity.o
 .note.GNU-stack
                0x0000000000000000        0x0 /home/tjw/pok/examples/semaphores/pr2/../../..//libpok/libpok.a(arch.lo)
 .note.GNU-stack
                0x0000000000000000        0x0 /home/tjw/pok/examples/semaphores/pr2/../../..//libpok/libpok.a(core.lo)
 .note.GNU-stack
                0x0000000000000000        0x0 /home/tjw/pok/examples/semaphores/pr2/../../..//libpok/libpok.a(libc.lo)

.debug_ranges   0x0000000000000000       0x60
 .debug_ranges  0x0000000000000000       0x60 /home/tjw/pok/examples/semaphores/pr2/../../..//libpok/libpok.a(libc.lo)
