
Merging program properties

Removed property 0xc0000002 to merge sizes.o (0x3) and kernel/kernel.lo (not found)

Allocating common symbols
Common symbol       size              file

pok_idt             0x800             kernel/kernel.lo
pok_x86_pm_heap_end
                    0x4               kernel/kernel.lo
pok_multiboot_magic
                    0x4               kernel/kernel.lo
pok_x86_pm_heap_start
                    0x4               kernel/kernel.lo
pok_sched_next_major_frame
                    0x8               kernel/kernel.lo
pok_multiboot_info  0x4               kernel/kernel.lo
pit_freq            0x4               kernel/kernel.lo
pok_threads         0x1f8             kernel/kernel.lo
pok_stack           0x4000            kernel/kernel.lo
pok_x86_pm_brk      0x4               kernel/kernel.lo
pok_sched_next_deadline
                    0x8               kernel/kernel.lo
pok_global_sched    0x4               kernel/kernel.lo
pok_partitions      0x5c              kernel/kernel.lo
pok_gdt             0x800             kernel/kernel.lo
pok_sched_next_flush
                    0x8               kernel/kernel.lo
g_cons              0x3               kernel/kernel.lo
pok_tss             0x68              kernel/kernel.lo
pok_partitions_lockobjs
                    0x38              kernel/kernel.lo
pok_current_partition
                    0x2               kernel/kernel.lo

Discarded input sections

 .group         0x0000000000000000        0x8 kernel/kernel.lo
 .group         0x0000000000000000        0x8 kernel/kernel.lo
 .group         0x0000000000000000        0x8 kernel/kernel.lo
 .group         0x0000000000000000        0x8 kernel/kernel.lo
 .group         0x0000000000000000        0x8 kernel/kernel.lo
 .group         0x0000000000000000        0x8 kernel/kernel.lo
 .group         0x0000000000000000        0x8 kernel/kernel.lo
 .note.gnu.property
                0x0000000000000000       0x1c sizes.o

Memory Configuration

Name             Origin             Length             Attributes
*default*        0x0000000000000000 0xffffffffffffffff

Linker script and memory map

                0x0000000000100000                . = 0x100000
                0x0000000000100000                __pok_begin = .

.text           0x0000000000100000     0x43d3
 *(.multiboot)
 .multiboot     0x0000000000100000       0x14 kernel/kernel.lo
 *(.text)
 .text          0x0000000000100014     0x43bf kernel/kernel.lo
                0x0000000000100014                pok_partition_setup_scheduler
                0x000000000010003b                pok_partition_setup_main_thread
                0x00000000001000b8                pok_partition_init
                0x00000000001001c2                pok_partition_set_mode
                0x00000000001003a0                pok_partition_set_mode_current
                0x00000000001003ed                pok_current_partition_get_id
                0x0000000000100411                pok_current_partition_get_period
                0x0000000000100448                pok_current_partition_get_duration
                0x000000000010047d                pok_current_partition_get_operating_mode
                0x00000000001004ad                pok_current_partition_get_lock_level
                0x00000000001004dd                pok_current_partition_get_start_condition
                0x000000000010050d                debug_strlen
                0x000000000010052f                pok_debug_print_current_state
                0x00000000001007f4                pok_fatal
                0x000000000010083c                pok_lockobj_init
                0x0000000000100846                pok_lockobj_create
                0x00000000001008dc                pok_lockobj_partition_create
                0x000000000010099e                pok_lockobj_eventsignal
                0x0000000000100a08                pok_lockobj_eventbroadcast
                0x0000000000100a6c                pok_lockobj_lock
                0x0000000000100bc9                pok_lockobj_unlock
                0x0000000000100c95                pok_lockobj_eventwait
                0x0000000000100d9e                pok_lockobj_partition_wrapper
                0x0000000000100ea6                pok_thread_init
                0x0000000000101058                pok_partition_thread_create
                0x000000000010126a                pok_thread_start
                0x0000000000101279                pok_thread_yield
                0x0000000000101296                pok_thread_suspend
                0x00000000001012bd                pok_thread_delayed_start
                0x0000000000101457                pok_thread_get_status
                0x00000000001014e5                pok_thread_set_priority
                0x0000000000101541                pok_thread_resume
                0x00000000001015af                pok_thread_suspend_target
                0x0000000000101610                pok_sched_init
                0x00000000001016da                pok_sched_get_priority_min
                0x00000000001016e4                pok_sched_get_priority_max
                0x00000000001016ee                pok_elect_partition
                0x0000000000101706                pok_elect_thread
                0x000000000010190d                pok_sched_context_switch
                0x0000000000101978                pok_sched
                0x0000000000101a6e                gcd_of_two
                0x0000000000101aa2                wgcd_of_threads
                0x0000000000101af8                wmax_of_thread
                0x0000000000101b44                pok_sched_part_wrr
                0x0000000000101c40                pok_sched_part_prio
                0x0000000000101d3f                pok_sched_part_rr
                0x0000000000101dda                pok_sched_unlock_thread
                0x0000000000101dfc                pok_sched_lock_current_thread
                0x0000000000101e20                pok_sched_lock_current_thread_timed
                0x0000000000101e52                pok_sched_stop_self
                0x0000000000101e81                pok_sched_stop_thread
                0x0000000000101ea3                pok_sched_end_period
                0x0000000000101ee5                pok_sched_get_current
                0x0000000000101f13                pok_time_init
                0x0000000000101f44                pok_core_syscall
                0x000000000010250c                pok_loader_load_partition
                0x0000000000102640                pok_boot
                0x000000000010268c                pok_print_char
                0x00000000001026bc                pok_print_attr
                0x00000000001026ec                pok_write
                0x000000000010271f                pok_print_init
                0x0000000000102747                memcpy
                0x0000000000102772                memset
                0x000000000010279a                __udivdi3
                0x0000000000102861                __umoddi3
                0x0000000000102a79                vprintf
                0x0000000000102bcc                printf
                0x0000000000102be8                strlen
                0x0000000000102c0a                strcmp
                0x0000000000102c50                strncmp
                0x0000000000102caf                pok_cons_attr
                0x0000000000102ccb                is_transmitter_holding_register
                0x0000000000102cdc                write_serial
                0x0000000000102cf7                pok_cons_print_char
                0x0000000000102e57                is_received_data_ready
                0x0000000000102e65                read_serial
                0x0000000000102e80                pok_cons_get_char
                0x0000000000102e91                pok_cons_clear
                0x0000000000102f17                pok_cons_write
                0x0000000000103026                pok_cons_disable_cursor
                0x000000000010305e                pok_cons_init
                0x00000000001030f9                core_entry
                0x00000000001030f9                _core_entry
                0x0000000000103116                pok_bsp_init
                0x0000000000103142                pok_bsp_irq_acknowledge
                0x000000000010316a                pok_bsp_irq_register
                0x00000000001031a9                pok_bsp_mem_alloc
                0x00000000001031ca                pok_bsp_time_init
                0x00000000001031e7                pok_pm_init
                0x0000000000103234                pok_pm_sbrk
                0x0000000000103253                pok_pic_init
                0x00000000001032b4                pok_pic_mask
                0x00000000001032f6                pok_pic_unmask
                0x0000000000103338                pok_pic_eoi
                0x0000000000103358                pit_interrupt
                0x000000000010337d                pit_interrupt_handler
                0x00000000001033ef                pok_x86_qemu_timer_init
                0x000000000010345d                pok_arch_init
                0x0000000000103484                pok_arch_preempt_disable
                0x000000000010348f                pok_arch_preempt_enable
                0x000000000010349a                pok_arch_idle
                0x00000000001034a1                pok_arch_event_register
                0x00000000001034d3                pok_thread_stack_addr
                0x0000000000103500                tss_set_esp0
                0x000000000010351c                gdt_set_segment
                0x0000000000103613                gdt_set_system
                0x00000000001036a4                pok_tss_init
                0x00000000001036f9                pok_gdt_init
                0x000000000010377e                gdt_enable
                0x000000000010379d                gdt_disable
                0x00000000001037bc                pok_idt_init
                0x00000000001037fe                pok_event_init
                0x000000000010382a                pok_idt_set_gate
                0x00000000001038ae                pok_context_switch
                0x00000000001038c3                pok_context_create
                0x0000000000103925                pok_context_reset
                0x0000000000103981                pok_dispatch_space
                0x0000000000103a2d                pok_create_space
                0x0000000000103a84                pok_space_switch
                0x0000000000103ae5                pok_space_base_vaddr
                0x0000000000103aef                pok_space_context_create
                0x0000000000103b95                syscall_gate
                0x0000000000103bbe                syscall_gate_handler
                0x0000000000103c52                pok_syscall_init
                0x0000000000103c82                update_tss
                0x0000000000103ca9                exception_divide_error
                0x0000000000103cce                exception_debug
                0x0000000000103cf3                exception_nmi
                0x0000000000103d18                exception_breakpoint
                0x0000000000103d3d                exception_overflow
                0x0000000000103d62                exception_boundrange
                0x0000000000103d87                exception_invalidopcode
                0x0000000000103dac                exception_nomath_coproc
                0x0000000000103dd1                exception_doublefault
                0x0000000000103df3                exception_copseg_overrun
                0x0000000000103e18                exception_invalid_tss
                0x0000000000103e3a                exception_segment_not_present
                0x0000000000103e5c                exception_stackseg_fault
                0x0000000000103e7e                exception_general_protection
                0x0000000000103ea0                exception_pagefault
                0x0000000000103ec2                exception_fpu_fault
                0x0000000000103ee7                exception_alignement_check
                0x0000000000103f09                exception_machine_check
                0x0000000000103f2e                exception_simd_fault
                0x000000000010400c                pok_exception_init
                0x0000000000104052                exception_divide_error_handler
                0x0000000000104076                exception_debug_handler
                0x00000000001040a6                exception_nmi_handler
                0x00000000001040d6                exception_breakpoint_handler
                0x0000000000104106                exception_overflow_handler
                0x0000000000104136                exception_boundrange_handler
                0x0000000000104166                exception_invalidopcode_handler
                0x0000000000104196                exception_nomath_coproc_handler
                0x00000000001041c6                exception_doublefault_handler
                0x00000000001041f6                exception_copseg_overrun_handler
                0x0000000000104226                exception_invalid_tss_handler
                0x0000000000104256                exception_segment_not_present_handler
                0x0000000000104286                exception_stackseg_fault_handler
                0x00000000001042b6                exception_general_protection_handler
                0x00000000001042e6                exception_pagefault_handler
                0x0000000000104316                exception_fpu_fault_handler
                0x0000000000104346                exception_alignement_check_handler
                0x0000000000104376                exception_machine_check_handler
                0x00000000001043a3                exception_simd_fault_handler
 .text          0x00000000001043d3        0x0 sizes.o

.text.__x86.get_pc_thunk.ax
                0x00000000001043d3        0x4
 .text.__x86.get_pc_thunk.ax
                0x00000000001043d3        0x4 kernel/kernel.lo
                0x00000000001043d3                __x86.get_pc_thunk.ax

.text.__x86.get_pc_thunk.dx
                0x00000000001043d7        0x4
 .text.__x86.get_pc_thunk.dx
                0x00000000001043d7        0x4 kernel/kernel.lo
                0x00000000001043d7                __x86.get_pc_thunk.dx

.text.__x86.get_pc_thunk.bx
                0x00000000001043db        0x4
 .text.__x86.get_pc_thunk.bx
                0x00000000001043db        0x4 kernel/kernel.lo
                0x00000000001043db                __x86.get_pc_thunk.bx

.text.__x86.get_pc_thunk.bp
                0x00000000001043df        0x4
 .text.__x86.get_pc_thunk.bp
                0x00000000001043df        0x4 kernel/kernel.lo
                0x00000000001043df                __x86.get_pc_thunk.bp

.text.__x86.get_pc_thunk.cx
                0x00000000001043e3        0x4
 .text.__x86.get_pc_thunk.cx
                0x00000000001043e3        0x4 kernel/kernel.lo
                0x00000000001043e3                __x86.get_pc_thunk.cx

.text.__x86.get_pc_thunk.si
                0x00000000001043e7        0x4
 .text.__x86.get_pc_thunk.si
                0x00000000001043e7        0x4 kernel/kernel.lo
                0x00000000001043e7                __x86.get_pc_thunk.si

.text.__x86.get_pc_thunk.di
                0x00000000001043eb        0x4
 .text.__x86.get_pc_thunk.di
                0x00000000001043eb        0x4 kernel/kernel.lo
                0x00000000001043eb                __x86.get_pc_thunk.di

.iplt           0x00000000001043ef        0x0
 .iplt          0x00000000001043ef        0x0 kernel/kernel.lo

.rodata         0x00000000001043f0      0x129
 *(.rodata)
 .rodata        0x00000000001043f0      0x129 kernel/kernel.lo

.rodata.str1.1  0x0000000000104519      0x4e7
 .rodata.str1.1
                0x0000000000104519      0x4e7 kernel/kernel.lo
                                        0x4eb (size before relaxing)

.rodata.str1.4  0x0000000000104a00       0xd3
 .rodata.str1.4
                0x0000000000104a00       0xd3 kernel/kernel.lo

.eh_frame       0x0000000000104ad4     0x1c1c
 .eh_frame      0x0000000000104ad4     0x1c1c kernel/kernel.lo
                                       0x1ed4 (size before relaxing)

.rel.dyn        0x00000000001066f0        0x0
 .rel.got       0x00000000001066f0        0x0 kernel/kernel.lo
 .rel.iplt      0x00000000001066f0        0x0 kernel/kernel.lo
 .rel.text      0x00000000001066f0        0x0 kernel/kernel.lo

.data           0x0000000000106700    0x1ff5a
 *(.data)
 .data          0x0000000000106700       0x10 kernel/kernel.lo
                0x0000000000106700                current_thread
                0x0000000000106708                pok_sched_slots
 .data          0x0000000000106710        0x4 sizes.o
                0x0000000000106710                part_sizes
 *(.bss)
 *fill*         0x0000000000106714        0xc 
 .bss           0x0000000000106720     0x2048 kernel/kernel.lo
                0x0000000000106720                pok_partitions_index
                0x0000000000106724                pok_sched_current_slot
                0x0000000000106726                pok_sched_slots_allocation
                0x0000000000106730                pok_tick_counter
                0x0000000000106738                pok_print_attr_fn
                0x000000000010673c                pok_print_char_fn
 .bss           0x0000000000108768        0x0 sizes.o
 *(COMMON)
 *fill*         0x0000000000108768       0x18 
 COMMON         0x0000000000108780     0x537a kernel/kernel.lo
                0x0000000000108780                pok_idt
                0x0000000000108f80                pok_x86_pm_heap_end
                0x0000000000108f84                pok_multiboot_magic
                0x0000000000108f88                pok_x86_pm_heap_start
                0x0000000000108f90                pok_sched_next_major_frame
                0x0000000000108f98                pok_multiboot_info
                0x0000000000108f9c                pit_freq
                0x0000000000108fa0                pok_threads
                0x00000000001091a0                pok_stack
                0x000000000010d1a0                pok_x86_pm_brk
                0x000000000010d1a8                pok_sched_next_deadline
                0x000000000010d1b0                pok_global_sched
                0x000000000010d1c0                pok_partitions
                0x000000000010d220                pok_gdt
                0x000000000010da20                pok_sched_next_flush
                0x000000000010da28                g_cons
                0x000000000010da40                pok_tss
                0x000000000010dac0                pok_partitions_lockobjs
                0x000000000010daf8                pok_current_partition
                0x000000000010dafa                __archive_begin = .
 *(.archive)
                0x000000000010dafa                __archive_end = .
                0x000000000010dafa                __archive2_begin = .
 *(.archive2)
 .archive2      0x000000000010dafa    0x18b60 sizes.o
                0x000000000012665a                __archive2_end = .
                0x000000000012665a                __pok_end = .
LOAD kernel/kernel.lo
LOAD sizes.o
OUTPUT(/home/tjw/rt_hw/examples/policy-prio-testcase/pok.elf elf32-i386)

.data.rel.ro.local
                0x0000000000126660       0x60
 .data.rel.ro.local
                0x0000000000126660       0x60 kernel/kernel.lo

.data.rel.ro    0x00000000001266c0       0xa0
 .data.rel.ro   0x00000000001266c0       0xa0 kernel/kernel.lo

.got            0x0000000000126760        0x8
 .got           0x0000000000126760        0x8 kernel/kernel.lo

.got.plt        0x0000000000126768        0xc
 .got.plt       0x0000000000126768        0xc kernel/kernel.lo
                0x0000000000126768                _GLOBAL_OFFSET_TABLE_

.igot.plt       0x0000000000126774        0x0
 .igot.plt      0x0000000000126774        0x0 kernel/kernel.lo

.comment        0x0000000000000000       0x2a
 .comment       0x0000000000000000       0x2a kernel/kernel.lo
                                        0x968 (size before relaxing)
 .comment       0x000000000000002a       0x2b sizes.o

.note.GNU-stack
                0x0000000000000000        0x0
 .note.GNU-stack
                0x0000000000000000        0x0 kernel/kernel.lo
 .note.GNU-stack
                0x0000000000000000        0x0 sizes.o

.debug_aranges  0x0000000000000000      0x668
 .debug_aranges
                0x0000000000000000      0x650 kernel/kernel.lo
 .debug_aranges
                0x0000000000000650       0x18 sizes.o

.debug_info     0x0000000000000000     0xa972
 .debug_info    0x0000000000000000     0xa8fc kernel/kernel.lo
 .debug_info    0x000000000000a8fc       0x76 sizes.o

.debug_abbrev   0x0000000000000000     0x2efd
 .debug_abbrev  0x0000000000000000     0x2eae kernel/kernel.lo
 .debug_abbrev  0x0000000000002eae       0x4f sizes.o

.debug_line     0x0000000000000000     0x4763
 .debug_line    0x0000000000000000     0x46e3 kernel/kernel.lo
 .debug_line    0x00000000000046e3       0x80 sizes.o

.debug_str      0x0000000000000000     0x266b
 .debug_str     0x0000000000000000     0x25a5 kernel/kernel.lo
                                       0xc94d (size before relaxing)
 .debug_str     0x00000000000025a5       0xc6 sizes.o
                                        0x13b (size before relaxing)

.debug_loc      0x0000000000000000     0x2242
 .debug_loc     0x0000000000000000     0x2242 kernel/kernel.lo

.debug_ranges   0x0000000000000000      0x3b8
 .debug_ranges  0x0000000000000000      0x3b8 kernel/kernel.lo
