
Merging program properties

Removed property 0xc0000002 to merge sizes.o (0x3) and kernel/kernel.lo (not found)

Allocating common symbols
Common symbol       size              file

pok_idt             0x800             kernel/kernel.lo
pok_x86_pm_heap_end
                    0x4               kernel/kernel.lo
pok_multiboot_magic
                    0x4               kernel/kernel.lo
pok_x86_pm_heap_start
                    0x4               kernel/kernel.lo
pok_sched_next_major_frame
                    0x8               kernel/kernel.lo
pok_multiboot_info  0x4               kernel/kernel.lo
pit_freq            0x4               kernel/kernel.lo
pok_threads         0x228             kernel/kernel.lo
pok_stack           0x4000            kernel/kernel.lo
pok_x86_pm_brk      0x4               kernel/kernel.lo
pok_sched_next_deadline
                    0x8               kernel/kernel.lo
pok_global_sched    0x4               kernel/kernel.lo
pok_partitions      0x5c              kernel/kernel.lo
pok_gdt             0x800             kernel/kernel.lo
pok_sched_next_flush
                    0x8               kernel/kernel.lo
g_cons              0x3               kernel/kernel.lo
pok_tss             0x68              kernel/kernel.lo
pok_partitions_lockobjs
                    0x38              kernel/kernel.lo
pok_current_partition
                    0x2               kernel/kernel.lo

Discarded input sections

 .group         0x0000000000000000        0x8 kernel/kernel.lo
 .group         0x0000000000000000        0x8 kernel/kernel.lo
 .group         0x0000000000000000        0x8 kernel/kernel.lo
 .group         0x0000000000000000        0x8 kernel/kernel.lo
 .group         0x0000000000000000        0x8 kernel/kernel.lo
 .group         0x0000000000000000        0x8 kernel/kernel.lo
 .group         0x0000000000000000        0x8 kernel/kernel.lo
 .note.gnu.property
                0x0000000000000000       0x1c sizes.o

Memory Configuration

Name             Origin             Length             Attributes
*default*        0x0000000000000000 0xffffffffffffffff

Linker script and memory map

                0x0000000000100000                . = 0x100000
                0x0000000000100000                __pok_begin = .

.text           0x0000000000100000     0x449a
 *(.multiboot)
 .multiboot     0x0000000000100000       0x14 kernel/kernel.lo
 *(.text)
 .text          0x0000000000100014     0x4486 kernel/kernel.lo
                0x0000000000100014                pok_partition_setup_scheduler
                0x000000000010003b                pok_partition_setup_main_thread
                0x00000000001000b8                pok_partition_init
                0x00000000001001c2                pok_partition_set_mode
                0x00000000001003a0                pok_partition_set_mode_current
                0x00000000001003ed                pok_current_partition_get_id
                0x0000000000100411                pok_current_partition_get_period
                0x0000000000100448                pok_current_partition_get_duration
                0x000000000010047d                pok_current_partition_get_operating_mode
                0x00000000001004ad                pok_current_partition_get_lock_level
                0x00000000001004dd                pok_current_partition_get_start_condition
                0x000000000010050d                debug_strlen
                0x000000000010052f                pok_debug_print_current_state
                0x00000000001007f4                pok_fatal
                0x000000000010083c                pok_lockobj_init
                0x0000000000100846                pok_lockobj_create
                0x00000000001008dc                pok_lockobj_partition_create
                0x000000000010099e                pok_lockobj_eventsignal
                0x0000000000100a08                pok_lockobj_eventbroadcast
                0x0000000000100a6c                pok_lockobj_lock
                0x0000000000100bc9                pok_lockobj_unlock
                0x0000000000100c95                pok_lockobj_eventwait
                0x0000000000100d9e                pok_lockobj_partition_wrapper
                0x0000000000100ea6                pok_thread_init
                0x0000000000101058                pok_partition_thread_create
                0x000000000010126a                pok_thread_start
                0x0000000000101279                pok_thread_yield
                0x0000000000101296                pok_thread_suspend
                0x00000000001012bd                pok_thread_delayed_start
                0x0000000000101457                pok_thread_get_status
                0x00000000001014e5                pok_thread_set_priority
                0x0000000000101541                pok_thread_resume
                0x00000000001015af                pok_thread_suspend_target
                0x0000000000101610                pok_sched_init
                0x00000000001016da                pok_sched_get_priority_min
                0x00000000001016e4                pok_sched_get_priority_max
                0x00000000001016ee                pok_elect_partition
                0x0000000000101706                pok_elect_thread
                0x000000000010190b                pok_sched_context_switch
                0x0000000000101976                pok_sched
                0x0000000000101a6c                gcd_of_two
                0x0000000000101aa0                wgcd_of_threads
                0x0000000000101af6                wmax_of_thread
                0x0000000000101b42                pok_sched_part_wrr
                0x0000000000101c3e                pok_sched_part_prio
                0x0000000000101d3d                pok_sched_part_edf
                0x0000000000101e06                pok_sched_part_rr
                0x0000000000101ea1                pok_sched_unlock_thread
                0x0000000000101ec3                pok_sched_lock_current_thread
                0x0000000000101ee7                pok_sched_lock_current_thread_timed
                0x0000000000101f19                pok_sched_stop_self
                0x0000000000101f48                pok_sched_stop_thread
                0x0000000000101f6a                pok_sched_end_period
                0x0000000000101fac                pok_sched_get_current
                0x0000000000101fda                pok_time_init
                0x000000000010200b                pok_core_syscall
                0x00000000001025d3                pok_loader_load_partition
                0x0000000000102707                pok_boot
                0x0000000000102753                pok_print_char
                0x0000000000102783                pok_print_attr
                0x00000000001027b3                pok_write
                0x00000000001027e6                pok_print_init
                0x000000000010280e                memcpy
                0x0000000000102839                memset
                0x0000000000102861                __udivdi3
                0x0000000000102928                __umoddi3
                0x0000000000102b40                vprintf
                0x0000000000102c93                printf
                0x0000000000102caf                strlen
                0x0000000000102cd1                strcmp
                0x0000000000102d17                strncmp
                0x0000000000102d76                pok_cons_attr
                0x0000000000102d92                is_transmitter_holding_register
                0x0000000000102da3                write_serial
                0x0000000000102dbe                pok_cons_print_char
                0x0000000000102f1e                is_received_data_ready
                0x0000000000102f2c                read_serial
                0x0000000000102f47                pok_cons_get_char
                0x0000000000102f58                pok_cons_clear
                0x0000000000102fde                pok_cons_write
                0x00000000001030ed                pok_cons_disable_cursor
                0x0000000000103125                pok_cons_init
                0x00000000001031c0                core_entry
                0x00000000001031c0                _core_entry
                0x00000000001031dd                pok_bsp_init
                0x0000000000103209                pok_bsp_irq_acknowledge
                0x0000000000103231                pok_bsp_irq_register
                0x0000000000103270                pok_bsp_mem_alloc
                0x0000000000103291                pok_bsp_time_init
                0x00000000001032ae                pok_pm_init
                0x00000000001032fb                pok_pm_sbrk
                0x000000000010331a                pok_pic_init
                0x000000000010337b                pok_pic_mask
                0x00000000001033bd                pok_pic_unmask
                0x00000000001033ff                pok_pic_eoi
                0x000000000010341f                pit_interrupt
                0x0000000000103444                pit_interrupt_handler
                0x00000000001034b6                pok_x86_qemu_timer_init
                0x0000000000103524                pok_arch_init
                0x000000000010354b                pok_arch_preempt_disable
                0x0000000000103556                pok_arch_preempt_enable
                0x0000000000103561                pok_arch_idle
                0x0000000000103568                pok_arch_event_register
                0x000000000010359a                pok_thread_stack_addr
                0x00000000001035c7                tss_set_esp0
                0x00000000001035e3                gdt_set_segment
                0x00000000001036da                gdt_set_system
                0x000000000010376b                pok_tss_init
                0x00000000001037c0                pok_gdt_init
                0x0000000000103845                gdt_enable
                0x0000000000103864                gdt_disable
                0x0000000000103883                pok_idt_init
                0x00000000001038c5                pok_event_init
                0x00000000001038f1                pok_idt_set_gate
                0x0000000000103975                pok_context_switch
                0x000000000010398a                pok_context_create
                0x00000000001039ec                pok_context_reset
                0x0000000000103a48                pok_dispatch_space
                0x0000000000103af4                pok_create_space
                0x0000000000103b4b                pok_space_switch
                0x0000000000103bac                pok_space_base_vaddr
                0x0000000000103bb6                pok_space_context_create
                0x0000000000103c5c                syscall_gate
                0x0000000000103c85                syscall_gate_handler
                0x0000000000103d19                pok_syscall_init
                0x0000000000103d49                update_tss
                0x0000000000103d70                exception_divide_error
                0x0000000000103d95                exception_debug
                0x0000000000103dba                exception_nmi
                0x0000000000103ddf                exception_breakpoint
                0x0000000000103e04                exception_overflow
                0x0000000000103e29                exception_boundrange
                0x0000000000103e4e                exception_invalidopcode
                0x0000000000103e73                exception_nomath_coproc
                0x0000000000103e98                exception_doublefault
                0x0000000000103eba                exception_copseg_overrun
                0x0000000000103edf                exception_invalid_tss
                0x0000000000103f01                exception_segment_not_present
                0x0000000000103f23                exception_stackseg_fault
                0x0000000000103f45                exception_general_protection
                0x0000000000103f67                exception_pagefault
                0x0000000000103f89                exception_fpu_fault
                0x0000000000103fae                exception_alignement_check
                0x0000000000103fd0                exception_machine_check
                0x0000000000103ff5                exception_simd_fault
                0x00000000001040d3                pok_exception_init
                0x0000000000104119                exception_divide_error_handler
                0x000000000010413d                exception_debug_handler
                0x000000000010416d                exception_nmi_handler
                0x000000000010419d                exception_breakpoint_handler
                0x00000000001041cd                exception_overflow_handler
                0x00000000001041fd                exception_boundrange_handler
                0x000000000010422d                exception_invalidopcode_handler
                0x000000000010425d                exception_nomath_coproc_handler
                0x000000000010428d                exception_doublefault_handler
                0x00000000001042bd                exception_copseg_overrun_handler
                0x00000000001042ed                exception_invalid_tss_handler
                0x000000000010431d                exception_segment_not_present_handler
                0x000000000010434d                exception_stackseg_fault_handler
                0x000000000010437d                exception_general_protection_handler
                0x00000000001043ad                exception_pagefault_handler
                0x00000000001043dd                exception_fpu_fault_handler
                0x000000000010440d                exception_alignement_check_handler
                0x000000000010443d                exception_machine_check_handler
                0x000000000010446a                exception_simd_fault_handler
 .text          0x000000000010449a        0x0 sizes.o

.text.__x86.get_pc_thunk.ax
                0x000000000010449a        0x4
 .text.__x86.get_pc_thunk.ax
                0x000000000010449a        0x4 kernel/kernel.lo
                0x000000000010449a                __x86.get_pc_thunk.ax

.text.__x86.get_pc_thunk.dx
                0x000000000010449e        0x4
 .text.__x86.get_pc_thunk.dx
                0x000000000010449e        0x4 kernel/kernel.lo
                0x000000000010449e                __x86.get_pc_thunk.dx

.text.__x86.get_pc_thunk.bx
                0x00000000001044a2        0x4
 .text.__x86.get_pc_thunk.bx
                0x00000000001044a2        0x4 kernel/kernel.lo
                0x00000000001044a2                __x86.get_pc_thunk.bx

.text.__x86.get_pc_thunk.bp
                0x00000000001044a6        0x4
 .text.__x86.get_pc_thunk.bp
                0x00000000001044a6        0x4 kernel/kernel.lo
                0x00000000001044a6                __x86.get_pc_thunk.bp

.text.__x86.get_pc_thunk.cx
                0x00000000001044aa        0x4
 .text.__x86.get_pc_thunk.cx
                0x00000000001044aa        0x4 kernel/kernel.lo
                0x00000000001044aa                __x86.get_pc_thunk.cx

.text.__x86.get_pc_thunk.si
                0x00000000001044ae        0x4
 .text.__x86.get_pc_thunk.si
                0x00000000001044ae        0x4 kernel/kernel.lo
                0x00000000001044ae                __x86.get_pc_thunk.si

.text.__x86.get_pc_thunk.di
                0x00000000001044b2        0x4
 .text.__x86.get_pc_thunk.di
                0x00000000001044b2        0x4 kernel/kernel.lo
                0x00000000001044b2                __x86.get_pc_thunk.di

.iplt           0x00000000001044b6        0x0
 .iplt          0x00000000001044b6        0x0 kernel/kernel.lo

.rodata         0x00000000001044b8      0x129
 *(.rodata)
 .rodata        0x00000000001044b8      0x129 kernel/kernel.lo

.rodata.str1.1  0x00000000001045e1      0x4e7
 .rodata.str1.1
                0x00000000001045e1      0x4e7 kernel/kernel.lo
                                        0x4eb (size before relaxing)

.rodata.str1.4  0x0000000000104ac8       0xd3
 .rodata.str1.4
                0x0000000000104ac8       0xd3 kernel/kernel.lo

.eh_frame       0x0000000000104b9c     0x1c58
 .eh_frame      0x0000000000104b9c     0x1c58 kernel/kernel.lo
                                       0x1f10 (size before relaxing)

.rel.dyn        0x00000000001067f4        0x0
 .rel.got       0x00000000001067f4        0x0 kernel/kernel.lo
 .rel.iplt      0x00000000001067f4        0x0 kernel/kernel.lo
 .rel.text      0x00000000001067f4        0x0 kernel/kernel.lo

.data           0x0000000000106800    0x1ff9a
 *(.data)
 .data          0x0000000000106800       0x10 kernel/kernel.lo
                0x0000000000106800                current_thread
                0x0000000000106808                pok_sched_slots
 .data          0x0000000000106810        0x4 sizes.o
                0x0000000000106810                part_sizes
 *(.bss)
 *fill*         0x0000000000106814        0xc 
 .bss           0x0000000000106820     0x2048 kernel/kernel.lo
                0x0000000000106820                pok_partitions_index
                0x0000000000106824                pok_sched_current_slot
                0x0000000000106826                pok_sched_slots_allocation
                0x0000000000106830                pok_tick_counter
                0x0000000000106838                pok_print_attr_fn
                0x000000000010683c                pok_print_char_fn
 .bss           0x0000000000108868        0x0 sizes.o
 *(COMMON)
 *fill*         0x0000000000108868       0x18 
 COMMON         0x0000000000108880     0x53ba kernel/kernel.lo
                0x0000000000108880                pok_idt
                0x0000000000109080                pok_x86_pm_heap_end
                0x0000000000109084                pok_multiboot_magic
                0x0000000000109088                pok_x86_pm_heap_start
                0x0000000000109090                pok_sched_next_major_frame
                0x0000000000109098                pok_multiboot_info
                0x000000000010909c                pit_freq
                0x00000000001090a0                pok_threads
                0x00000000001092d0                pok_stack
                0x000000000010d2d0                pok_x86_pm_brk
                0x000000000010d2d8                pok_sched_next_deadline
                0x000000000010d2e0                pok_global_sched
                0x000000000010d300                pok_partitions
                0x000000000010d360                pok_gdt
                0x000000000010db60                pok_sched_next_flush
                0x000000000010db68                g_cons
                0x000000000010db80                pok_tss
                0x000000000010dc00                pok_partitions_lockobjs
                0x000000000010dc38                pok_current_partition
                0x000000000010dc3a                __archive_begin = .
 *(.archive)
                0x000000000010dc3a                __archive_end = .
                0x000000000010dc3a                __archive2_begin = .
 *(.archive2)
 .archive2      0x000000000010dc3a    0x18b60 sizes.o
                0x000000000012679a                __archive2_end = .
                0x000000000012679a                __pok_end = .
LOAD kernel/kernel.lo
LOAD sizes.o
OUTPUT(/home/tjw/rt_hw/examples/policy-prio-testcase/pok.elf elf32-i386)

.data.rel.ro.local
                0x00000000001267a0       0x60
 .data.rel.ro.local
                0x00000000001267a0       0x60 kernel/kernel.lo

.data.rel.ro    0x0000000000126800       0xa0
 .data.rel.ro   0x0000000000126800       0xa0 kernel/kernel.lo

.got            0x00000000001268a0        0x8
 .got           0x00000000001268a0        0x8 kernel/kernel.lo

.got.plt        0x00000000001268a8        0xc
 .got.plt       0x00000000001268a8        0xc kernel/kernel.lo
                0x00000000001268a8                _GLOBAL_OFFSET_TABLE_

.igot.plt       0x00000000001268b4        0x0
 .igot.plt      0x00000000001268b4        0x0 kernel/kernel.lo

.comment        0x0000000000000000       0x2a
 .comment       0x0000000000000000       0x2a kernel/kernel.lo
                                        0x968 (size before relaxing)
 .comment       0x000000000000002a       0x2b sizes.o

.note.GNU-stack
                0x0000000000000000        0x0
 .note.GNU-stack
                0x0000000000000000        0x0 kernel/kernel.lo
 .note.GNU-stack
                0x0000000000000000        0x0 sizes.o

.debug_aranges  0x0000000000000000      0x668
 .debug_aranges
                0x0000000000000000      0x650 kernel/kernel.lo
 .debug_aranges
                0x0000000000000650       0x18 sizes.o

.debug_info     0x0000000000000000     0xaae3
 .debug_info    0x0000000000000000     0xaa6d kernel/kernel.lo
 .debug_info    0x000000000000aa6d       0x76 sizes.o

.debug_abbrev   0x0000000000000000     0x2eec
 .debug_abbrev  0x0000000000000000     0x2e9d kernel/kernel.lo
 .debug_abbrev  0x0000000000002e9d       0x4f sizes.o

.debug_line     0x0000000000000000     0x4800
 .debug_line    0x0000000000000000     0x4780 kernel/kernel.lo
 .debug_line    0x0000000000004780       0x80 sizes.o

.debug_str      0x0000000000000000     0x268f
 .debug_str     0x0000000000000000     0x25c9 kernel/kernel.lo
                                       0xca1b (size before relaxing)
 .debug_str     0x00000000000025c9       0xc6 sizes.o
                                        0x13b (size before relaxing)

.debug_loc      0x0000000000000000     0x2342
 .debug_loc     0x0000000000000000     0x2342 kernel/kernel.lo

.debug_ranges   0x0000000000000000      0x3b8
 .debug_ranges  0x0000000000000000      0x3b8 kernel/kernel.lo
